Archive member included to satisfy reference by file (symbol)

c:/st/stm32cubeide_1.0.2/stm32cubeide/plugins/com.st.stm32cube.ide.mcu.externaltools.gnu-tools-for-stm32.7-2018-q2-update.win32_1.0.0.201904181610/tools/bin/../lib/gcc/arm-none-eabi/7.3.1/../../../../arm-none-eabi/lib/thumb/v7e-m/fpv4-sp/hard\libc_nano.a(lib_a-errno.o)
                              Src/syscalls.o (__errno)
c:/st/stm32cubeide_1.0.2/stm32cubeide/plugins/com.st.stm32cube.ide.mcu.externaltools.gnu-tools-for-stm32.7-2018-q2-update.win32_1.0.0.201904181610/tools/bin/../lib/gcc/arm-none-eabi/7.3.1/../../../../arm-none-eabi/lib/thumb/v7e-m/fpv4-sp/hard\libc_nano.a(lib_a-exit.o)
                              c:/st/stm32cubeide_1.0.2/stm32cubeide/plugins/com.st.stm32cube.ide.mcu.externaltools.gnu-tools-for-stm32.7-2018-q2-update.win32_1.0.0.201904181610/tools/bin/../lib/gcc/arm-none-eabi/7.3.1/../../../../arm-none-eabi/lib/thumb/v7e-m/fpv4-sp/hard/crt0.o (exit)
c:/st/stm32cubeide_1.0.2/stm32cubeide/plugins/com.st.stm32cube.ide.mcu.externaltools.gnu-tools-for-stm32.7-2018-q2-update.win32_1.0.0.201904181610/tools/bin/../lib/gcc/arm-none-eabi/7.3.1/../../../../arm-none-eabi/lib/thumb/v7e-m/fpv4-sp/hard\libc_nano.a(lib_a-impure.o)
                              c:/st/stm32cubeide_1.0.2/stm32cubeide/plugins/com.st.stm32cube.ide.mcu.externaltools.gnu-tools-for-stm32.7-2018-q2-update.win32_1.0.0.201904181610/tools/bin/../lib/gcc/arm-none-eabi/7.3.1/../../../../arm-none-eabi/lib/thumb/v7e-m/fpv4-sp/hard\libc_nano.a(lib_a-exit.o) (_global_impure_ptr)
c:/st/stm32cubeide_1.0.2/stm32cubeide/plugins/com.st.stm32cube.ide.mcu.externaltools.gnu-tools-for-stm32.7-2018-q2-update.win32_1.0.0.201904181610/tools/bin/../lib/gcc/arm-none-eabi/7.3.1/../../../../arm-none-eabi/lib/thumb/v7e-m/fpv4-sp/hard\libc_nano.a(lib_a-init.o)
                              c:/st/stm32cubeide_1.0.2/stm32cubeide/plugins/com.st.stm32cube.ide.mcu.externaltools.gnu-tools-for-stm32.7-2018-q2-update.win32_1.0.0.201904181610/tools/bin/../lib/gcc/arm-none-eabi/7.3.1/../../../../arm-none-eabi/lib/thumb/v7e-m/fpv4-sp/hard/crt0.o (__libc_init_array)
c:/st/stm32cubeide_1.0.2/stm32cubeide/plugins/com.st.stm32cube.ide.mcu.externaltools.gnu-tools-for-stm32.7-2018-q2-update.win32_1.0.0.201904181610/tools/bin/../lib/gcc/arm-none-eabi/7.3.1/../../../../arm-none-eabi/lib/thumb/v7e-m/fpv4-sp/hard\libc_nano.a(lib_a-memset.o)
                              c:/st/stm32cubeide_1.0.2/stm32cubeide/plugins/com.st.stm32cube.ide.mcu.externaltools.gnu-tools-for-stm32.7-2018-q2-update.win32_1.0.0.201904181610/tools/bin/../lib/gcc/arm-none-eabi/7.3.1/../../../../arm-none-eabi/lib/thumb/v7e-m/fpv4-sp/hard/crt0.o (memset)
c:/st/stm32cubeide_1.0.2/stm32cubeide/plugins/com.st.stm32cube.ide.mcu.externaltools.gnu-tools-for-stm32.7-2018-q2-update.win32_1.0.0.201904181610/tools/bin/../lib/gcc/arm-none-eabi/7.3.1/thumb/v7e-m/fpv4-sp/hard\libgcc.a(_aeabi_uldivmod.o)
                              Drivers/STM32L4xx_HAL_Driver/Src/stm32l4xx_hal_uart.o (__aeabi_uldivmod)
c:/st/stm32cubeide_1.0.2/stm32cubeide/plugins/com.st.stm32cube.ide.mcu.externaltools.gnu-tools-for-stm32.7-2018-q2-update.win32_1.0.0.201904181610/tools/bin/../lib/gcc/arm-none-eabi/7.3.1/thumb/v7e-m/fpv4-sp/hard\libgcc.a(_udivmoddi4.o)
                              c:/st/stm32cubeide_1.0.2/stm32cubeide/plugins/com.st.stm32cube.ide.mcu.externaltools.gnu-tools-for-stm32.7-2018-q2-update.win32_1.0.0.201904181610/tools/bin/../lib/gcc/arm-none-eabi/7.3.1/thumb/v7e-m/fpv4-sp/hard\libgcc.a(_aeabi_uldivmod.o) (__udivmoddi4)
c:/st/stm32cubeide_1.0.2/stm32cubeide/plugins/com.st.stm32cube.ide.mcu.externaltools.gnu-tools-for-stm32.7-2018-q2-update.win32_1.0.0.201904181610/tools/bin/../lib/gcc/arm-none-eabi/7.3.1/thumb/v7e-m/fpv4-sp/hard\libgcc.a(_dvmd_tls.o)
                              c:/st/stm32cubeide_1.0.2/stm32cubeide/plugins/com.st.stm32cube.ide.mcu.externaltools.gnu-tools-for-stm32.7-2018-q2-update.win32_1.0.0.201904181610/tools/bin/../lib/gcc/arm-none-eabi/7.3.1/thumb/v7e-m/fpv4-sp/hard\libgcc.a(_aeabi_uldivmod.o) (__aeabi_ldiv0)

Allocating common symbols
Common symbol       size              file

uwTick              0x4               Drivers/STM32L4xx_HAL_Driver/Src/stm32l4xx_hal.o
htim2               0x40              Src/tim.o
huart2              0x80              Src/usart.o

Discarded input sections

 .text          0x0000000000000000        0x0 c:/st/stm32cubeide_1.0.2/stm32cubeide/plugins/com.st.stm32cube.ide.mcu.externaltools.gnu-tools-for-stm32.7-2018-q2-update.win32_1.0.0.201904181610/tools/bin/../lib/gcc/arm-none-eabi/7.3.1/thumb/v7e-m/fpv4-sp/hard/crti.o
 .data          0x0000000000000000        0x0 c:/st/stm32cubeide_1.0.2/stm32cubeide/plugins/com.st.stm32cube.ide.mcu.externaltools.gnu-tools-for-stm32.7-2018-q2-update.win32_1.0.0.201904181610/tools/bin/../lib/gcc/arm-none-eabi/7.3.1/thumb/v7e-m/fpv4-sp/hard/crti.o
[...]
Memory Configuration

Name             Origin             Length             Attributes
RAM              0x0000000020000000 0x0000000000018000 xrw
RAM2             0x0000000010000000 0x0000000000008000 xrw
FLASH            0x0000000008000000 0x0000000000100000 xr
*default*        0x0000000000000000 0xffffffffffffffff

Linker script and memory map

LOAD c:/st/stm32cubeide_1.0.2/stm32cubeide/plugins/com.st.stm32cube.ide.mcu.externaltools.gnu-tools-for-stm32.7-2018-q2-update.win32_1.0.0.201904181610/tools/bin/../lib/gcc/arm-none-eabi/7.3.1/thumb/v7e-m/fpv4-sp/hard/crti.o
LOAD c:/st/stm32cubeide_1.0.2/stm32cubeide/plugins/com.st.stm32cube.ide.mcu.externaltools.gnu-tools-for-stm32.7-2018-q2-update.win32_1.0.0.201904181610/tools/bin/../lib/gcc/arm-none-eabi/7.3.1/thumb/v7e-m/fpv4-sp/hard/crtbegin.o
LOAD c:/st/stm32cubeide_1.0.2/stm32cubeide/plugins/com.st.stm32cube.ide.mcu.externaltools.gnu-tools-for-stm32.7-2018-q2-update.win32_1.0.0.201904181610/tools/bin/../lib/gcc/arm-none-eabi/7.3.1/../../../../arm-none-eabi/lib/thumb/v7e-m/fpv4-sp/hard/crt0.o
LOAD Drivers/STM32L4xx_HAL_Driver/Src/stm32l4xx_hal.o
LOAD Drivers/STM32L4xx_HAL_Driver/Src/stm32l4xx_hal_cortex.o
LOAD Drivers/STM32L4xx_HAL_Driver/Src/stm32l4xx_hal_dma.o
LOAD Drivers/STM32L4xx_HAL_Driver/Src/stm32l4xx_hal_dma_ex.o
LOAD Drivers/STM32L4xx_HAL_Driver/Src/stm32l4xx_hal_exti.o
LOAD Drivers/STM32L4xx_HAL_Driver/Src/stm32l4xx_hal_flash.o
LOAD Drivers/STM32L4xx_HAL_Driver/Src/stm32l4xx_hal_flash_ex.o
LOAD Drivers/STM32L4xx_HAL_Driver/Src/stm32l4xx_hal_flash_ramfunc.o
LOAD Drivers/STM32L4xx_HAL_Driver/Src/stm32l4xx_hal_gpio.o
LOAD Drivers/STM32L4xx_HAL_Driver/Src/stm32l4xx_hal_i2c.o
LOAD Drivers/STM32L4xx_HAL_Driver/Src/stm32l4xx_hal_i2c_ex.o
LOAD Drivers/STM32L4xx_HAL_Driver/Src/stm32l4xx_hal_pwr.o
LOAD Drivers/STM32L4xx_HAL_Driver/Src/stm32l4xx_hal_pwr_ex.o
LOAD Drivers/STM32L4xx_HAL_Driver/Src/stm32l4xx_hal_rcc.o
LOAD Drivers/STM32L4xx_HAL_Driver/Src/stm32l4xx_hal_rcc_ex.o
LOAD Drivers/STM32L4xx_HAL_Driver/Src/stm32l4xx_hal_tim.o
LOAD Drivers/STM32L4xx_HAL_Driver/Src/stm32l4xx_hal_tim_ex.o
LOAD Drivers/STM32L4xx_HAL_Driver/Src/stm32l4xx_hal_uart.o
LOAD Drivers/STM32L4xx_HAL_Driver/Src/stm32l4xx_hal_uart_ex.o
LOAD Src/gpio.o
LOAD Src/main.o
LOAD Src/stm32l4xx_hal_msp.o
LOAD Src/stm32l4xx_it.o
LOAD Src/syscalls.o
LOAD Src/sysmem.o
LOAD Src/system_stm32l4xx.o
LOAD Src/tim.o
LOAD Src/usart.o
LOAD Startup/startup_stm32l476rgtx.o
START GROUP
LOAD c:/st/stm32cubeide_1.0.2/stm32cubeide/plugins/com.st.stm32cube.ide.mcu.externaltools.gnu-tools-for-stm32.7-2018-q2-update.win32_1.0.0.201904181610/tools/bin/../lib/gcc/arm-none-eabi/7.3.1/../../../../arm-none-eabi/lib/thumb/v7e-m/fpv4-sp/hard\libstdc++_nano.a
LOAD c:/st/stm32cubeide_1.0.2/stm32cubeide/plugins/com.st.stm32cube.ide.mcu.externaltools.gnu-tools-for-stm32.7-2018-q2-update.win32_1.0.0.201904181610/tools/bin/../lib/gcc/arm-none-eabi/7.3.1/../../../../arm-none-eabi/lib/thumb/v7e-m/fpv4-sp/hard\libsupc++_nano.a
END GROUP
LOAD c:/st/stm32cubeide_1.0.2/stm32cubeide/plugins/com.st.stm32cube.ide.mcu.externaltools.gnu-tools-for-stm32.7-2018-q2-update.win32_1.0.0.201904181610/tools/bin/../lib/gcc/arm-none-eabi/7.3.1/../../../../arm-none-eabi/lib/thumb/v7e-m/fpv4-sp/hard\libstdc++_nano.a
LOAD c:/st/stm32cubeide_1.0.2/stm32cubeide/plugins/com.st.stm32cube.ide.mcu.externaltools.gnu-tools-for-stm32.7-2018-q2-update.win32_1.0.0.201904181610/tools/bin/../lib/gcc/arm-none-eabi/7.3.1/../../../../arm-none-eabi/lib/thumb/v7e-m/fpv4-sp/hard\libm.a
LOAD c:/st/stm32cubeide_1.0.2/stm32cubeide/plugins/com.st.stm32cube.ide.mcu.externaltools.gnu-tools-for-stm32.7-2018-q2-update.win32_1.0.0.201904181610/tools/bin/../lib/gcc/arm-none-eabi/7.3.1/../../../../arm-none-eabi/lib/thumb/v7e-m/fpv4-sp/hard\libc_nano.a
START GROUP
LOAD c:/st/stm32cubeide_1.0.2/stm32cubeide/plugins/com.st.stm32cube.ide.mcu.externaltools.gnu-tools-for-stm32.7-2018-q2-update.win32_1.0.0.201904181610/tools/bin/../lib/gcc/arm-none-eabi/7.3.1/thumb/v7e-m/fpv4-sp/hard\libgcc.a
LOAD c:/st/stm32cubeide_1.0.2/stm32cubeide/plugins/com.st.stm32cube.ide.mcu.externaltools.gnu-tools-for-stm32.7-2018-q2-update.win32_1.0.0.201904181610/tools/bin/../lib/gcc/arm-none-eabi/7.3.1/../../../../arm-none-eabi/lib/thumb/v7e-m/fpv4-sp/hard\libc_nano.a
END GROUP
START GROUP
LOAD c:/st/stm32cubeide_1.0.2/stm32cubeide/plugins/com.st.stm32cube.ide.mcu.externaltools.gnu-tools-for-stm32.7-2018-q2-update.win32_1.0.0.201904181610/tools/bin/../lib/gcc/arm-none-eabi/7.3.1/thumb/v7e-m/fpv4-sp/hard\libgcc.a
LOAD c:/st/stm32cubeide_1.0.2/stm32cubeide/plugins/com.st.stm32cube.ide.mcu.externaltools.gnu-tools-for-stm32.7-2018-q2-update.win32_1.0.0.201904181610/tools/bin/../lib/gcc/arm-none-eabi/7.3.1/../../../../arm-none-eabi/lib/thumb/v7e-m/fpv4-sp/hard\libc_nano.a
LOAD c:/st/stm32cubeide_1.0.2/stm32cubeide/plugins/com.st.stm32cube.ide.mcu.externaltools.gnu-tools-for-stm32.7-2018-q2-update.win32_1.0.0.201904181610/tools/bin/../lib/gcc/arm-none-eabi/7.3.1/../../../../arm-none-eabi/lib/thumb/v7e-m/fpv4-sp/hard\libnosys.a
END GROUP
START GROUP
LOAD c:/st/stm32cubeide_1.0.2/stm32cubeide/plugins/com.st.stm32cube.ide.mcu.externaltools.gnu-tools-for-stm32.7-2018-q2-update.win32_1.0.0.201904181610/tools/bin/../lib/gcc/arm-none-eabi/7.3.1/thumb/v7e-m/fpv4-sp/hard\libgcc.a
LOAD c:/st/stm32cubeide_1.0.2/stm32cubeide/plugins/com.st.stm32cube.ide.mcu.externaltools.gnu-tools-for-stm32.7-2018-q2-update.win32_1.0.0.201904181610/tools/bin/../lib/gcc/arm-none-eabi/7.3.1/../../../../arm-none-eabi/lib/thumb/v7e-m/fpv4-sp/hard\libc_nano.a
LOAD c:/st/stm32cubeide_1.0.2/stm32cubeide/plugins/com.st.stm32cube.ide.mcu.externaltools.gnu-tools-for-stm32.7-2018-q2-update.win32_1.0.0.201904181610/tools/bin/../lib/gcc/arm-none-eabi/7.3.1/../../../../arm-none-eabi/lib/thumb/v7e-m/fpv4-sp/hard\libnosys.a
END GROUP
LOAD c:/st/stm32cubeide_1.0.2/stm32cubeide/plugins/com.st.stm32cube.ide.mcu.externaltools.gnu-tools-for-stm32.7-2018-q2-update.win32_1.0.0.201904181610/tools/bin/../lib/gcc/arm-none-eabi/7.3.1/thumb/v7e-m/fpv4-sp/hard/crtend.o
LOAD c:/st/stm32cubeide_1.0.2/stm32cubeide/plugins/com.st.stm32cube.ide.mcu.externaltools.gnu-tools-for-stm32.7-2018-q2-update.win32_1.0.0.201904181610/tools/bin/../lib/gcc/arm-none-eabi/7.3.1/thumb/v7e-m/fpv4-sp/hard/crtn.o
                0x0000000020018000                _estack = 0x20018000
                0x0000000000000200                _Min_Heap_Size = 0x200
                0x0000000000000400                _Min_Stack_Size = 0x400

.isr_vector     0x0000000008000000      0x188
                0x0000000008000000                . = ALIGN (0x4)
 *(.isr_vector)
 .isr_vector    0x0000000008000000      0x188 Startup/startup_stm32l476rgtx.o
                0x0000000008000000                g_pfnVectors
                0x0000000008000188                . = ALIGN (0x4)

.text           0x0000000008000188     0x39b4
                0x0000000008000188                . = ALIGN (0x4)
 *(.text)
 .text          0x0000000008000188       0x40 c:/st/stm32cubeide_1.0.2/stm32cubeide/plugins/com.st.stm32cube.ide.mcu.externaltools.gnu-tools-for-stm32.7-2018-q2-update.win32_1.0.0.201904181610/tools/bin/../lib/gcc/arm-none-eabi/7.3.1/thumb/v7e-m/fpv4-sp/hard/crtbegin.o
 .text          0x00000000080001c8       0x30 c:/st/stm32cubeide_1.0.2/stm32cubeide/plugins/com.st.stm32cube.ide.mcu.externaltools.gnu-tools-for-stm32.7-2018-q2-update.win32_1.0.0.201904181610/tools/bin/../lib/gcc/arm-none-eabi/7.3.1/thumb/v7e-m/fpv4-sp/hard\libgcc.a(_aeabi_uldivmod.o)
                0x00000000080001c8                __aeabi_uldivmod
 .text          0x00000000080001f8      0x2cc c:/st/stm32cubeide_1.0.2/stm32cubeide/plugins/com.st.stm32cube.ide.mcu.externaltools.gnu-tools-for-stm32.7-2018-q2-update.win32_1.0.0.201904181610/tools/bin/../lib/gcc/arm-none-eabi/7.3.1/thumb/v7e-m/fpv4-sp/hard\libgcc.a(_udivmoddi4.o)
                0x00000000080001f8                __udivmoddi4
 .text          0x00000000080004c4        0x4 c:/st/stm32cubeide_1.0.2/stm32cubeide/plugins/com.st.stm32cube.ide.mcu.externaltools.gnu-tools-for-stm32.7-2018-q2-update.win32_1.0.0.201904181610/tools/bin/../lib/gcc/arm-none-eabi/7.3.1/thumb/v7e-m/fpv4-sp/hard\libgcc.a(_dvmd_tls.o)
                0x00000000080004c4                __aeabi_idiv0
                0x00000000080004c4                __aeabi_ldiv0
 *(.text*)
 .text.HAL_Init
                0x00000000080004c8       0x40 Drivers/STM32L4xx_HAL_Driver/Src/stm32l4xx_hal.o
                0x00000000080004c8                HAL_Init
 .text.HAL_InitTick
                0x0000000008000508       0x74 Drivers/STM32L4xx_HAL_Driver/Src/stm32l4xx_hal.o
                0x0000000008000508                HAL_InitTick
 .text.HAL_IncTick
                0x000000000800057c       0x24 Drivers/STM32L4xx_HAL_Driver/Src/stm32l4xx_hal.o
                0x000000000800057c                HAL_IncTick
 .text.HAL_GetTick
                0x00000000080005a0       0x18 Drivers/STM32L4xx_HAL_Driver/Src/stm32l4xx_hal.o
                0x00000000080005a0                HAL_GetTick
 .text.__NVIC_SetPriorityGrouping
                0x00000000080005b8       0x48 Drivers/STM32L4xx_HAL_Driver/Src/stm32l4xx_hal_cortex.o
 .text.__NVIC_GetPriorityGrouping
                0x0000000008000600       0x1c Drivers/STM32L4xx_HAL_Driver/Src/stm32l4xx_hal_cortex.o
 .text.__NVIC_EnableIRQ
                0x000000000800061c       0x3c Drivers/STM32L4xx_HAL_Driver/Src/stm32l4xx_hal_cortex.o
 .text.__NVIC_SetPriority
                0x0000000008000658       0x54 Drivers/STM32L4xx_HAL_Driver/Src/stm32l4xx_hal_cortex.o
 .text.NVIC_EncodePriority
                0x00000000080006ac       0x66 Drivers/STM32L4xx_HAL_Driver/Src/stm32l4xx_hal_cortex.o
 *fill*         0x0000000008000712        0x2 
 .text.SysTick_Config
                0x0000000008000714       0x44 Drivers/STM32L4xx_HAL_Driver/Src/stm32l4xx_hal_cortex.o
 .text.HAL_NVIC_SetPriorityGrouping
                0x0000000008000758       0x16 Drivers/STM32L4xx_HAL_Driver/Src/stm32l4xx_hal_cortex.o
                0x0000000008000758                HAL_NVIC_SetPriorityGrouping
 .text.HAL_NVIC_SetPriority
                0x000000000800076e       0x38 Drivers/STM32L4xx_HAL_Driver/Src/stm32l4xx_hal_cortex.o
                0x000000000800076e                HAL_NVIC_SetPriority
 .text.HAL_NVIC_EnableIRQ
                0x00000000080007a6       0x1c Drivers/STM32L4xx_HAL_Driver/Src/stm32l4xx_hal_cortex.o
                0x00000000080007a6                HAL_NVIC_EnableIRQ
 .text.HAL_SYSTICK_Config
                0x00000000080007c2       0x18 Drivers/STM32L4xx_HAL_Driver/Src/stm32l4xx_hal_cortex.o
                0x00000000080007c2                HAL_SYSTICK_Config
 *fill*         0x00000000080007da        0x2 
 .text.HAL_GPIO_Init
                0x00000000080007dc      0x350 Drivers/STM32L4xx_HAL_Driver/Src/stm32l4xx_hal_gpio.o
                0x00000000080007dc                HAL_GPIO_Init
 .text.HAL_GPIO_WritePin
                0x0000000008000b2c       0x30 Drivers/STM32L4xx_HAL_Driver/Src/stm32l4xx_hal_gpio.o
                0x0000000008000b2c                HAL_GPIO_WritePin
 .text.HAL_GPIO_TogglePin
                0x0000000008000b5c       0x32 Drivers/STM32L4xx_HAL_Driver/Src/stm32l4xx_hal_gpio.o
                0x0000000008000b5c                HAL_GPIO_TogglePin
 *fill*         0x0000000008000b8e        0x2 
 .text.HAL_GPIO_EXTI_IRQHandler
                0x0000000008000b90       0x30 Drivers/STM32L4xx_HAL_Driver/Src/stm32l4xx_hal_gpio.o
                0x0000000008000b90                HAL_GPIO_EXTI_IRQHandler
 .text.HAL_PWREx_GetVoltageRange
                0x0000000008000bc0       0x1c Drivers/STM32L4xx_HAL_Driver/Src/stm32l4xx_hal_pwr_ex.o
                0x0000000008000bc0                HAL_PWREx_GetVoltageRange
 .text.HAL_PWREx_ControlVoltageScaling
                0x0000000008000bdc       0xac Drivers/STM32L4xx_HAL_Driver/Src/stm32l4xx_hal_pwr_ex.o
                0x0000000008000bdc                HAL_PWREx_ControlVoltageScaling
 .text.HAL_RCC_OscConfig
                0x0000000008000c88      0x760 Drivers/STM32L4xx_HAL_Driver/Src/stm32l4xx_hal_rcc.o
                0x0000000008000c88                HAL_RCC_OscConfig
 .text.HAL_RCC_ClockConfig
                0x00000000080013e8      0x1c4 Drivers/STM32L4xx_HAL_Driver/Src/stm32l4xx_hal_rcc.o
                0x00000000080013e8                HAL_RCC_ClockConfig
 .text.HAL_RCC_GetSysClockFreq
                0x00000000080015ac      0x114 Drivers/STM32L4xx_HAL_Driver/Src/stm32l4xx_hal_rcc.o
                0x00000000080015ac                HAL_RCC_GetSysClockFreq
 .text.HAL_RCC_GetHCLKFreq
                0x00000000080016c0       0x18 Drivers/STM32L4xx_HAL_Driver/Src/stm32l4xx_hal_rcc.o
                0x00000000080016c0                HAL_RCC_GetHCLKFreq
 .text.HAL_RCC_GetPCLK1Freq
                0x00000000080016d8       0x2c Drivers/STM32L4xx_HAL_Driver/Src/stm32l4xx_hal_rcc.o
                0x00000000080016d8                HAL_RCC_GetPCLK1Freq
 .text.HAL_RCC_GetPCLK2Freq
                0x0000000008001704       0x2c Drivers/STM32L4xx_HAL_Driver/Src/stm32l4xx_hal_rcc.o
                0x0000000008001704                HAL_RCC_GetPCLK2Freq
 .text.RCC_SetFlashLatencyFromMSIRange
                0x0000000008001730       0xc0 Drivers/STM32L4xx_HAL_Driver/Src/stm32l4xx_hal_rcc.o
 .text.HAL_RCCEx_PeriphCLKConfig
                0x00000000080017f0      0x5cc Drivers/STM32L4xx_HAL_Driver/Src/stm32l4xx_hal_rcc_ex.o
                0x00000000080017f0                HAL_RCCEx_PeriphCLKConfig
 .text.RCCEx_PLLSAI1_Config
                0x0000000008001dbc      0x1e0 Drivers/STM32L4xx_HAL_Driver/Src/stm32l4xx_hal_rcc_ex.o
 .text.RCCEx_PLLSAI2_Config
                0x0000000008001f9c      0x1b4 Drivers/STM32L4xx_HAL_Driver/Src/stm32l4xx_hal_rcc_ex.o
 .text.HAL_TIM_Base_Init
                0x0000000008002150       0x56 Drivers/STM32L4xx_HAL_Driver/Src/stm32l4xx_hal_tim.o
                0x0000000008002150                HAL_TIM_Base_Init
 *fill*         0x00000000080021a6        0x2 
 .text.HAL_TIM_Base_Start_IT
                0x00000000080021a8       0x54 Drivers/STM32L4xx_HAL_Driver/Src/stm32l4xx_hal_tim.o
                0x00000000080021a8                HAL_TIM_Base_Start_IT
 .text.HAL_TIM_IRQHandler
                0x00000000080021fc      0x23e Drivers/STM32L4xx_HAL_Driver/Src/stm32l4xx_hal_tim.o
                0x00000000080021fc                HAL_TIM_IRQHandler
 .text.HAL_TIM_ConfigClockSource
                0x000000000800243a      0x172 Drivers/STM32L4xx_HAL_Driver/Src/stm32l4xx_hal_tim.o
                0x000000000800243a                HAL_TIM_ConfigClockSource
 .text.HAL_TIM_OC_DelayElapsedCallback
                0x00000000080025ac       0x14 Drivers/STM32L4xx_HAL_Driver/Src/stm32l4xx_hal_tim.o
                0x00000000080025ac                HAL_TIM_OC_DelayElapsedCallback
 .text.HAL_TIM_IC_CaptureCallback
                0x00000000080025c0       0x14 Drivers/STM32L4xx_HAL_Driver/Src/stm32l4xx_hal_tim.o
                0x00000000080025c0                HAL_TIM_IC_CaptureCallback
 .text.HAL_TIM_PWM_PulseFinishedCallback
                0x00000000080025d4       0x14 Drivers/STM32L4xx_HAL_Driver/Src/stm32l4xx_hal_tim.o
                0x00000000080025d4                HAL_TIM_PWM_PulseFinishedCallback
 .text.HAL_TIM_TriggerCallback
                0x00000000080025e8       0x14 Drivers/STM32L4xx_HAL_Driver/Src/stm32l4xx_hal_tim.o
                0x00000000080025e8                HAL_TIM_TriggerCallback
 .text.TIM_Base_SetConfig
                0x00000000080025fc      0x134 Drivers/STM32L4xx_HAL_Driver/Src/stm32l4xx_hal_tim.o
                0x00000000080025fc                TIM_Base_SetConfig
 .text.TIM_TI1_ConfigInputStage
                0x0000000008002730       0x5e Drivers/STM32L4xx_HAL_Driver/Src/stm32l4xx_hal_tim.o
 .text.TIM_TI2_ConfigInputStage
                0x000000000800278e       0x60 Drivers/STM32L4xx_HAL_Driver/Src/stm32l4xx_hal_tim.o
 .text.TIM_ITRx_SetConfig
                0x00000000080027ee       0x36 Drivers/STM32L4xx_HAL_Driver/Src/stm32l4xx_hal_tim.o
 .text.TIM_ETR_SetConfig
                0x0000000008002824       0x40 Drivers/STM32L4xx_HAL_Driver/Src/stm32l4xx_hal_tim.o
                0x0000000008002824                TIM_ETR_SetConfig
 .text.HAL_TIMEx_MasterConfigSynchronization
                0x0000000008002864       0xb8 Drivers/STM32L4xx_HAL_Driver/Src/stm32l4xx_hal_tim_ex.o
                0x0000000008002864                HAL_TIMEx_MasterConfigSynchronization
 .text.HAL_TIMEx_CommutCallback
                0x000000000800291c       0x14 Drivers/STM32L4xx_HAL_Driver/Src/stm32l4xx_hal_tim_ex.o
                0x000000000800291c                HAL_TIMEx_CommutCallback
 .text.HAL_TIMEx_BreakCallback
                0x0000000008002930       0x14 Drivers/STM32L4xx_HAL_Driver/Src/stm32l4xx_hal_tim_ex.o
                0x0000000008002930                HAL_TIMEx_BreakCallback
 .text.HAL_TIMEx_Break2Callback
                0x0000000008002944       0x14 Drivers/STM32L4xx_HAL_Driver/Src/stm32l4xx_hal_tim_ex.o
                0x0000000008002944                HAL_TIMEx_Break2Callback
 .text.HAL_UART_Init
                0x0000000008002958       0x9c Drivers/STM32L4xx_HAL_Driver/Src/stm32l4xx_hal_uart.o
                0x0000000008002958                HAL_UART_Init
 .text.UART_SetConfig
                0x00000000080029f4      0x690 Drivers/STM32L4xx_HAL_Driver/Src/stm32l4xx_hal_uart.o
                0x00000000080029f4                UART_SetConfig
 .text.UART_AdvFeatureConfig
                0x0000000008003084      0x144 Drivers/STM32L4xx_HAL_Driver/Src/stm32l4xx_hal_uart.o
                0x0000000008003084                UART_AdvFeatureConfig
 .text.UART_CheckIdleState
                0x00000000080031c8       0x8a Drivers/STM32L4xx_HAL_Driver/Src/stm32l4xx_hal_uart.o
                0x00000000080031c8                UART_CheckIdleState
 .text.UART_WaitOnFlagUntilTimeout
                0x0000000008003252       0x90 Drivers/STM32L4xx_HAL_Driver/Src/stm32l4xx_hal_uart.o
                0x0000000008003252                UART_WaitOnFlagUntilTimeout
 *fill*         0x00000000080032e2        0x2 
 .text.MX_GPIO_Init
                0x00000000080032e4       0xe0 Src/gpio.o
                0x00000000080032e4                MX_GPIO_Init
 .text._ZN6Switch5reactERK10TimerPulse
                0x00000000080033c4       0x16 Src/main.o
                0x00000000080033c4                Switch::react(TimerPulse const&)
 .text._ZN6Switch4exitEv
                0x00000000080033da       0x14 Src/main.o
                0x00000000080033da                Switch::exit()
 .text._ZN5Blink5entryEv
                0x00000000080033ee       0x14 Src/main.o
                0x00000000080033ee                Blink::entry()
 .text._ZN5Blink5reactERK6Toggle
                0x0000000008003402       0x18 Src/main.o
                0x0000000008003402                Blink::react(Toggle const&)
 .text._ZN5Blink5reactERK10TimerPulse
                0x000000000800341a       0x1c Src/main.o
                0x000000000800341a                Blink::react(TimerPulse const&)
 .text._ZN2On5entryEv
                0x0000000008003436       0x1c Src/main.o
                0x0000000008003436                On::entry()
 .text._ZN2On5reactERK6Toggle
                0x0000000008003452       0x18 Src/main.o
                0x0000000008003452                On::react(Toggle const&)
 .text._ZN3Off5entryEv
                0x000000000800346a       0x1c Src/main.o
                0x000000000800346a                Off::entry()
 .text._ZN3Off5reactERK6Toggle
                0x0000000008003486       0x18 Src/main.o
                0x0000000008003486                Off::react(Toggle const&)
 *fill*         0x000000000800349e        0x2 
 .text._ZN7tinyfsm3FsmI6SwitchE17set_initial_stateEv
                0x00000000080034a0       0x1c Src/main.o
                0x00000000080034a0                tinyfsm::Fsm<Switch>::set_initial_state()
 .text.HAL_GPIO_EXTI_Callback
                0x00000000080034bc       0x24 Src/main.o
                0x00000000080034bc                HAL_GPIO_EXTI_Callback
 .text.HAL_TIM_PeriodElapsedCallback
                0x00000000080034e0       0x1a Src/main.o
                0x00000000080034e0                HAL_TIM_PeriodElapsedCallback
 *fill*         0x00000000080034fa        0x2 
 .text.main     0x00000000080034fc       0x28 Src/main.o
                0x00000000080034fc                main
 .text._Z18SystemClock_Configv
                0x0000000008003524      0x112 Src/main.o
                0x0000000008003524                SystemClock_Config()
 .text.Error_Handler
                0x0000000008003636        0xe Src/main.o
                0x0000000008003636                Error_Handler
 .text._ZN7tinyfsm3FsmI6SwitchE7transitI3OffEEvv
                0x0000000008003644       0x3c Src/main.o
                0x0000000008003644                void tinyfsm::Fsm<Switch>::transit<Off>()
 .text._ZN7tinyfsm3FsmI6SwitchE7transitI5BlinkEEvv
                0x0000000008003680       0x3c Src/main.o
                0x0000000008003680                void tinyfsm::Fsm<Switch>::transit<Blink>()
 .text._ZN7tinyfsm3FsmI6SwitchE7transitI2OnEEvv
                0x00000000080036bc       0x3c Src/main.o
                0x00000000080036bc                void tinyfsm::Fsm<Switch>::transit<On>()
 .text._ZN7tinyfsm3FsmI6SwitchE8dispatchI6ToggleEEvRKT_
                0x00000000080036f8       0x28 Src/main.o
                0x00000000080036f8                void tinyfsm::Fsm<Switch>::dispatch<Toggle>(Toggle const&)
 .text._ZN7tinyfsm3FsmI6SwitchE8dispatchI10TimerPulseEEvRKT_
                0x0000000008003720       0x28 Src/main.o
                0x0000000008003720                void tinyfsm::Fsm<Switch>::dispatch<TimerPulse>(TimerPulse const&)
 .text._ZN7tinyfsm3FsmI6SwitchE5startEv
                0x0000000008003748       0x10 Src/main.o
                0x0000000008003748                tinyfsm::Fsm<Switch>::start()
 .text._ZN7tinyfsm3FsmI6SwitchE5enterEv
                0x0000000008003758       0x20 Src/main.o
                0x0000000008003758                tinyfsm::Fsm<Switch>::enter()
 .text.HAL_MspInit
                0x0000000008003778       0x48 Src/stm32l4xx_hal_msp.o
                0x0000000008003778                HAL_MspInit
 .text.NMI_Handler
                0x00000000080037c0        0xe Src/stm32l4xx_it.o
                0x00000000080037c0                NMI_Handler
 .text.HardFault_Handler
                0x00000000080037ce        0x6 Src/stm32l4xx_it.o
                0x00000000080037ce                HardFault_Handler
 .text.MemManage_Handler
                0x00000000080037d4        0x6 Src/stm32l4xx_it.o
                0x00000000080037d4                MemManage_Handler
 .text.BusFault_Handler
                0x00000000080037da        0x6 Src/stm32l4xx_it.o
                0x00000000080037da                BusFault_Handler
 .text.UsageFault_Handler
                0x00000000080037e0        0x6 Src/stm32l4xx_it.o
                0x00000000080037e0                UsageFault_Handler
 .text.SVC_Handler
                0x00000000080037e6        0xe Src/stm32l4xx_it.o
                0x00000000080037e6                SVC_Handler
 .text.DebugMon_Handler
                0x00000000080037f4        0xe Src/stm32l4xx_it.o
                0x00000000080037f4                DebugMon_Handler
 .text.PendSV_Handler
                0x0000000008003802        0xe Src/stm32l4xx_it.o
                0x0000000008003802                PendSV_Handler
 .text.SysTick_Handler
                0x0000000008003810        0xc Src/stm32l4xx_it.o
                0x0000000008003810                SysTick_Handler
 .text.TIM2_IRQHandler
                0x000000000800381c       0x14 Src/stm32l4xx_it.o
                0x000000000800381c                TIM2_IRQHandler
 .text.EXTI15_10_IRQHandler
                0x0000000008003830       0x10 Src/stm32l4xx_it.o
                0x0000000008003830                EXTI15_10_IRQHandler
 .text.SystemInit
                0x0000000008003840       0x6c Src/system_stm32l4xx.o
                0x0000000008003840                SystemInit
 .text.MX_TIM2_Init
                0x00000000080038ac       0xa0 Src/tim.o
                0x00000000080038ac                MX_TIM2_Init
 .text.HAL_TIM_Base_MspInit
                0x000000000800394c       0x48 Src/tim.o
                0x000000000800394c                HAL_TIM_Base_MspInit
 .text.MX_USART2_UART_Init
                0x0000000008003994       0x60 Src/usart.o
                0x0000000008003994                MX_USART2_UART_Init
 .text.HAL_UART_MspInit
                0x00000000080039f4       0x84 Src/usart.o
                0x00000000080039f4                HAL_UART_MspInit
 .text.Reset_Handler
                0x0000000008003a78       0x50 Startup/startup_stm32l476rgtx.o
                0x0000000008003a78                Reset_Handler
 .text.Default_Handler
                0x0000000008003ac8        0x2 Startup/startup_stm32l476rgtx.o
                0x0000000008003ac8                RTC_Alarm_IRQHandler
                0x0000000008003ac8                EXTI2_IRQHandler
                0x0000000008003ac8                TIM8_TRG_COM_IRQHandler
                0x0000000008003ac8                TIM8_CC_IRQHandler
                0x0000000008003ac8                TIM1_CC_IRQHandler
                0x0000000008003ac8                TSC_IRQHandler
                0x0000000008003ac8                TAMP_STAMP_IRQHandler
                0x0000000008003ac8                EXTI3_IRQHandler
                0x0000000008003ac8                LPTIM2_IRQHandler
                0x0000000008003ac8                DFSDM1_FLT1_IRQHandler
                0x0000000008003ac8                I2C3_ER_IRQHandler
                0x0000000008003ac8                DFSDM1_FLT2_IRQHandler
                0x0000000008003ac8                EXTI0_IRQHandler
                0x0000000008003ac8                I2C2_EV_IRQHandler
                0x0000000008003ac8                CAN1_RX0_IRQHandler
                0x0000000008003ac8                FPU_IRQHandler
                0x0000000008003ac8                TIM1_UP_TIM16_IRQHandler
                0x0000000008003ac8                ADC1_2_IRQHandler
                0x0000000008003ac8                SPI1_IRQHandler
                0x0000000008003ac8                TIM6_DAC_IRQHandler
                0x0000000008003ac8                TIM8_UP_IRQHandler
                0x0000000008003ac8                DMA2_Channel2_IRQHandler
                0x0000000008003ac8                DMA1_Channel4_IRQHandler
                0x0000000008003ac8                SAI2_IRQHandler
                0x0000000008003ac8                DFSDM1_FLT3_IRQHandler
                0x0000000008003ac8                USART3_IRQHandler
                0x0000000008003ac8                DMA1_Channel7_IRQHandler
                0x0000000008003ac8                CAN1_RX1_IRQHandler
                0x0000000008003ac8                LCD_IRQHandler
                0x0000000008003ac8                UART5_IRQHandler
                0x0000000008003ac8                ADC3_IRQHandler
                0x0000000008003ac8                TIM4_IRQHandler
                0x0000000008003ac8                DMA2_Channel1_IRQHandler
                0x0000000008003ac8                QUADSPI_IRQHandler
                0x0000000008003ac8                I2C1_EV_IRQHandler
                0x0000000008003ac8                DMA1_Channel6_IRQHandler
                0x0000000008003ac8                UART4_IRQHandler
                0x0000000008003ac8                DMA2_Channel4_IRQHandler
                0x0000000008003ac8                TIM3_IRQHandler
                0x0000000008003ac8                RCC_IRQHandler
                0x0000000008003ac8                DMA1_Channel1_IRQHandler
                0x0000000008003ac8                Default_Handler
                0x0000000008003ac8                DMA2_Channel7_IRQHandler
                0x0000000008003ac8                TIM7_IRQHandler
                0x0000000008003ac8                SDMMC1_IRQHandler
                0x0000000008003ac8                TIM5_IRQHandler
                0x0000000008003ac8                I2C3_EV_IRQHandler
                0x0000000008003ac8                EXTI9_5_IRQHandler
                0x0000000008003ac8                RTC_WKUP_IRQHandler
                0x0000000008003ac8                PVD_PVM_IRQHandler
                0x0000000008003ac8                SPI2_IRQHandler
                0x0000000008003ac8                CAN1_TX_IRQHandler
                0x0000000008003ac8                DMA2_Channel5_IRQHandler
                0x0000000008003ac8                DMA1_Channel5_IRQHandler
                0x0000000008003ac8                EXTI4_IRQHandler
                0x0000000008003ac8                RNG_IRQHandler
                0x0000000008003ac8                TIM1_TRG_COM_TIM17_IRQHandler
                0x0000000008003ac8                DMA1_Channel3_IRQHandler
                0x0000000008003ac8                COMP_IRQHandler
                0x0000000008003ac8                WWDG_IRQHandler
                0x0000000008003ac8                LPUART1_IRQHandler
                0x0000000008003ac8                DMA2_Channel6_IRQHandler
                0x0000000008003ac8                EXTI1_IRQHandler
                0x0000000008003ac8                USART2_IRQHandler
                0x0000000008003ac8                DFSDM1_FLT0_IRQHandler
                0x0000000008003ac8                I2C2_ER_IRQHandler
                0x0000000008003ac8                DMA1_Channel2_IRQHandler
                0x0000000008003ac8                TIM8_BRK_IRQHandler
                0x0000000008003ac8                CAN1_SCE_IRQHandler
                0x0000000008003ac8                FLASH_IRQHandler
                0x0000000008003ac8                USART1_IRQHandler
                0x0000000008003ac8                OTG_FS_IRQHandler
                0x0000000008003ac8                SPI3_IRQHandler
                0x0000000008003ac8                I2C1_ER_IRQHandler
                0x0000000008003ac8                FMC_IRQHandler
                0x0000000008003ac8                SWPMI1_IRQHandler
                0x0000000008003ac8                LPTIM1_IRQHandler
                0x0000000008003ac8                SAI1_IRQHandler
                0x0000000008003ac8                DMA2_Channel3_IRQHandler
                0x0000000008003ac8                TIM1_BRK_TIM15_IRQHandler
 *fill*         0x0000000008003aca        0x2 
 .text.__libc_init_array
                0x0000000008003acc       0x48 c:/st/stm32cubeide_1.0.2/stm32cubeide/plugins/com.st.stm32cube.ide.mcu.externaltools.gnu-tools-for-stm32.7-2018-q2-update.win32_1.0.0.201904181610/tools/bin/../lib/gcc/arm-none-eabi/7.3.1/../../../../arm-none-eabi/lib/thumb/v7e-m/fpv4-sp/hard\libc_nano.a(lib_a-init.o)
                0x0000000008003acc                __libc_init_array
 .text.memset   0x0000000008003b14       0x10 c:/st/stm32cubeide_1.0.2/stm32cubeide/plugins/com.st.stm32cube.ide.mcu.externaltools.gnu-tools-for-stm32.7-2018-q2-update.win32_1.0.0.201904181610/tools/bin/../lib/gcc/arm-none-eabi/7.3.1/../../../../arm-none-eabi/lib/thumb/v7e-m/fpv4-sp/hard\libc_nano.a(lib_a-memset.o)
                0x0000000008003b14                memset
 *(.glue_7)
 .glue_7        0x0000000008003b24        0x0 linker stubs
 *(.glue_7t)
 .glue_7t       0x0000000008003b24        0x0 linker stubs
 *(.eh_frame)
 .eh_frame      0x0000000008003b24        0x0 c:/st/stm32cubeide_1.0.2/stm32cubeide/plugins/com.st.stm32cube.ide.mcu.externaltools.gnu-tools-for-stm32.7-2018-q2-update.win32_1.0.0.201904181610/tools/bin/../lib/gcc/arm-none-eabi/7.3.1/thumb/v7e-m/fpv4-sp/hard/crtbegin.o
 *(.init)
 .init          0x0000000008003b24        0x4 c:/st/stm32cubeide_1.0.2/stm32cubeide/plugins/com.st.stm32cube.ide.mcu.externaltools.gnu-tools-for-stm32.7-2018-q2-update.win32_1.0.0.201904181610/tools/bin/../lib/gcc/arm-none-eabi/7.3.1/thumb/v7e-m/fpv4-sp/hard/crti.o
                0x0000000008003b24                _init
 .init          0x0000000008003b28        0x8 c:/st/stm32cubeide_1.0.2/stm32cubeide/plugins/com.st.stm32cube.ide.mcu.externaltools.gnu-tools-for-stm32.7-2018-q2-update.win32_1.0.0.201904181610/tools/bin/../lib/gcc/arm-none-eabi/7.3.1/thumb/v7e-m/fpv4-sp/hard/crtn.o
 *(.fini)
 .fini          0x0000000008003b30        0x4 c:/st/stm32cubeide_1.0.2/stm32cubeide/plugins/com.st.stm32cube.ide.mcu.externaltools.gnu-tools-for-stm32.7-2018-q2-update.win32_1.0.0.201904181610/tools/bin/../lib/gcc/arm-none-eabi/7.3.1/thumb/v7e-m/fpv4-sp/hard/crti.o
                0x0000000008003b30                _fini
 .fini          0x0000000008003b34        0x8 c:/st/stm32cubeide_1.0.2/stm32cubeide/plugins/com.st.stm32cube.ide.mcu.externaltools.gnu-tools-for-stm32.7-2018-q2-update.win32_1.0.0.201904181610/tools/bin/../lib/gcc/arm-none-eabi/7.3.1/thumb/v7e-m/fpv4-sp/hard/crtn.o
                0x0000000008003b3c                . = ALIGN (0x4)
                0x0000000008003b3c                _etext = .

.vfp11_veneer   0x0000000008003b3c        0x0
 .vfp11_veneer  0x0000000008003b3c        0x0 linker stubs

.v4_bx          0x0000000008003b3c        0x0
 .v4_bx         0x0000000008003b3c        0x0 linker stubs

.iplt           0x0000000008003b3c        0x0
 .iplt          0x0000000008003b3c        0x0 c:/st/stm32cubeide_1.0.2/stm32cubeide/plugins/com.st.stm32cube.ide.mcu.externaltools.gnu-tools-for-stm32.7-2018-q2-update.win32_1.0.0.201904181610/tools/bin/../lib/gcc/arm-none-eabi/7.3.1/thumb/v7e-m/fpv4-sp/hard/crtbegin.o

.rodata         0x0000000008003b3c       0x84
                0x0000000008003b3c                . = ALIGN (0x4)
 *(.rodata)
 *(.rodata*)
 .rodata._ZTV3Off
                0x0000000008003b3c       0x14 Src/main.o
                0x0000000008003b3c                vtable for Off
 .rodata._ZTV2On
                0x0000000008003b50       0x14 Src/main.o
                0x0000000008003b50                vtable for On
 .rodata._ZTV5Blink
                0x0000000008003b64       0x14 Src/main.o
                0x0000000008003b64                vtable for Blink
 .rodata.AHBPrescTable
                0x0000000008003b78       0x10 Src/system_stm32l4xx.o
                0x0000000008003b78                AHBPrescTable
 .rodata.APBPrescTable
                0x0000000008003b88        0x8 Src/system_stm32l4xx.o
                0x0000000008003b88                APBPrescTable
 .rodata.MSIRangeTable
                0x0000000008003b90       0x30 Src/system_stm32l4xx.o
                0x0000000008003b90                MSIRangeTable
                0x0000000008003bc0                . = ALIGN (0x4)

.ARM.extab      0x0000000008003bc0        0x0
                0x0000000008003bc0                . = ALIGN (0x4)
 *(.ARM.extab* .gnu.linkonce.armextab.*)
                0x0000000008003bc0                . = ALIGN (0x4)

.ARM            0x0000000008003bc0        0x8
                0x0000000008003bc0                . = ALIGN (0x4)
                0x0000000008003bc0                __exidx_start = .
 *(.ARM.exidx*)
 .ARM.exidx     0x0000000008003bc0        0x8 c:/st/stm32cubeide_1.0.2/stm32cubeide/plugins/com.st.stm32cube.ide.mcu.externaltools.gnu-tools-for-stm32.7-2018-q2-update.win32_1.0.0.201904181610/tools/bin/../lib/gcc/arm-none-eabi/7.3.1/thumb/v7e-m/fpv4-sp/hard\libgcc.a(_udivmoddi4.o)
                0x0000000008003bc8                __exidx_end = .
                0x0000000008003bc8                . = ALIGN (0x4)

.rel.dyn        0x0000000008003bc8        0x0
 .rel.iplt      0x0000000008003bc8        0x0 c:/st/stm32cubeide_1.0.2/stm32cubeide/plugins/com.st.stm32cube.ide.mcu.externaltools.gnu-tools-for-stm32.7-2018-q2-update.win32_1.0.0.201904181610/tools/bin/../lib/gcc/arm-none-eabi/7.3.1/thumb/v7e-m/fpv4-sp/hard/crtbegin.o

.preinit_array  0x0000000008003bc8        0x0
                0x0000000008003bc8                . = ALIGN (0x4)
                0x0000000008003bc8                PROVIDE (__preinit_array_start = .)
 *(.preinit_array*)
                0x0000000008003bc8                PROVIDE (__preinit_array_end = .)
                0x0000000008003bc8                . = ALIGN (0x4)

.init_array     0x0000000008003bc8        0x4
                0x0000000008003bc8                . = ALIGN (0x4)
                0x0000000008003bc8                PROVIDE (__init_array_start = .)
 *(SORT_BY_NAME(.init_array.*))
 *(.init_array*)
 .init_array    0x0000000008003bc8        0x4 c:/st/stm32cubeide_1.0.2/stm32cubeide/plugins/com.st.stm32cube.ide.mcu.externaltools.gnu-tools-for-stm32.7-2018-q2-update.win32_1.0.0.201904181610/tools/bin/../lib/gcc/arm-none-eabi/7.3.1/thumb/v7e-m/fpv4-sp/hard/crtbegin.o
                0x0000000008003bcc                PROVIDE (__init_array_end = .)
                0x0000000008003bcc                . = ALIGN (0x4)

.fini_array     0x0000000008003bcc        0x4
                0x0000000008003bcc                . = ALIGN (0x4)
                [!provide]                        PROVIDE (__fini_array_start = .)
 *(SORT_BY_NAME(.fini_array.*))
 *(.fini_array*)
 .fini_array    0x0000000008003bcc        0x4 c:/st/stm32cubeide_1.0.2/stm32cubeide/plugins/com.st.stm32cube.ide.mcu.externaltools.gnu-tools-for-stm32.7-2018-q2-update.win32_1.0.0.201904181610/tools/bin/../lib/gcc/arm-none-eabi/7.3.1/thumb/v7e-m/fpv4-sp/hard/crtbegin.o
                [!provide]                        PROVIDE (__fini_array_end = .)
                0x0000000008003bd0                . = ALIGN (0x4)
                0x0000000008003bd0                _sidata = LOADADDR (.data)

.data           0x0000000020000000       0x18 load address 0x0000000008003bd0
                0x0000000020000000                . = ALIGN (0x4)
                0x0000000020000000                _sdata = .
 *(.data)
 *(.data*)
 .data.uwTickPrio
                0x0000000020000000        0x4 Drivers/STM32L4xx_HAL_Driver/Src/stm32l4xx_hal.o
                0x0000000020000000                uwTickPrio
 .data.uwTickFreq
                0x0000000020000004        0x4 Drivers/STM32L4xx_HAL_Driver/Src/stm32l4xx_hal.o
                0x0000000020000004                uwTickFreq
 .data._ZN7tinyfsm15_state_instanceI3OffE5valueE
                0x0000000020000008        0x4 Src/main.o
                0x0000000020000008                tinyfsm::_state_instance<Off>::value
 .data._ZN7tinyfsm15_state_instanceI5BlinkE5valueE
                0x000000002000000c        0x4 Src/main.o
                0x000000002000000c                tinyfsm::_state_instance<Blink>::value
 .data._ZN7tinyfsm15_state_instanceI2OnE5valueE
                0x0000000020000010        0x4 Src/main.o
                0x0000000020000010                tinyfsm::_state_instance<On>::value
 .data.SystemCoreClock
                0x0000000020000014        0x4 Src/system_stm32l4xx.o
                0x0000000020000014                SystemCoreClock
                0x0000000020000018                . = ALIGN (0x4)
                0x0000000020000018                _edata = .

.igot.plt       0x0000000020000018        0x0 load address 0x0000000008003be8
 .igot.plt      0x0000000020000018        0x0 c:/st/stm32cubeide_1.0.2/stm32cubeide/plugins/com.st.stm32cube.ide.mcu.externaltools.gnu-tools-for-stm32.7-2018-q2-update.win32_1.0.0.201904181610/tools/bin/../lib/gcc/arm-none-eabi/7.3.1/thumb/v7e-m/fpv4-sp/hard/crtbegin.o
                0x0000000020000018                . = ALIGN (0x4)

.bss            0x0000000020000018       0xe8 load address 0x0000000008003be8
                0x0000000020000018                _sbss = .
                0x0000000020000018                __bss_start__ = _sbss
 *(.bss)
 .bss           0x0000000020000018       0x1c c:/st/stm32cubeide_1.0.2/stm32cubeide/plugins/com.st.stm32cube.ide.mcu.externaltools.gnu-tools-for-stm32.7-2018-q2-update.win32_1.0.0.201904181610/tools/bin/../lib/gcc/arm-none-eabi/7.3.1/thumb/v7e-m/fpv4-sp/hard/crtbegin.o
 *(.bss*)
 .bss.toggle    0x0000000020000034        0x1 Src/main.o
                0x0000000020000034                toggle
 *fill*         0x0000000020000035        0x3 
 .bss._ZN7tinyfsm3FsmI6SwitchE17current_state_ptrE
                0x0000000020000038        0x4 Src/main.o
                0x0000000020000038                tinyfsm::Fsm<Switch>::current_state_ptr
 *(COMMON)
 COMMON         0x000000002000003c        0x4 Drivers/STM32L4xx_HAL_Driver/Src/stm32l4xx_hal.o
                0x000000002000003c                uwTick
 COMMON         0x0000000020000040       0x40 Src/tim.o
                0x0000000020000040                htim2
 COMMON         0x0000000020000080       0x80 Src/usart.o
                0x0000000020000080                huart2
                0x0000000020000100                . = ALIGN (0x4)
                0x0000000020000100                _ebss = .
                0x0000000020000100                __bss_end__ = _ebss

._user_heap_stack
                0x0000000020000100      0x600 load address 0x0000000008003be8
                0x0000000020000100                . = ALIGN (0x8)
                0x0000000020000100                PROVIDE (end = .)
                [!provide]                        PROVIDE (_end = .)
                0x0000000020000300                . = (. + _Min_Heap_Size)
 *fill*         0x0000000020000100      0x200 
                0x0000000020000700                . = (. + _Min_Stack_Size)
 *fill*         0x0000000020000300      0x400 
                0x0000000020000700                . = ALIGN (0x8)

/DISCARD/
 libc.a(*)
 libm.a(*)
 libgcc.a(*)

.ARM.attributes
                0x0000000000000000       0x30
 *(.ARM.attributes)
 .ARM.attributes
                0x0000000000000000       0x22 c:/st/stm32cubeide_1.0.2/stm32cubeide/plugins/com.st.stm32cube.ide.mcu.externaltools.gnu-tools-for-stm32.7-2018-q2-update.win32_1.0.0.201904181610/tools/bin/../lib/gcc/arm-none-eabi/7.3.1/thumb/v7e-m/fpv4-sp/hard/crti.o
 .ARM.attributes
                0x0000000000000022       0x34 c:/st/stm32cubeide_1.0.2/stm32cubeide/plugins/com.st.stm32cube.ide.mcu.externaltools.gnu-tools-for-stm32.7-2018-q2-update.win32_1.0.0.201904181610/tools/bin/../lib/gcc/arm-none-eabi/7.3.1/thumb/v7e-m/fpv4-sp/hard/crtbegin.o
 .ARM.attributes
                0x0000000000000056       0x39 Drivers/STM32L4xx_HAL_Driver/Src/stm32l4xx_hal.o
 .ARM.attributes
                0x000000000000008f       0x39 Drivers/STM32L4xx_HAL_Driver/Src/stm32l4xx_hal_cortex.o
 .ARM.attributes
                0x00000000000000c8       0x39 Drivers/STM32L4xx_HAL_Driver/Src/stm32l4xx_hal_gpio.o
 .ARM.attributes
                0x0000000000000101       0x39 Drivers/STM32L4xx_HAL_Driver/Src/stm32l4xx_hal_pwr_ex.o
 .ARM.attributes
                0x000000000000013a       0x39 Drivers/STM32L4xx_HAL_Driver/Src/stm32l4xx_hal_rcc.o
 .ARM.attributes
                0x0000000000000173       0x39 Drivers/STM32L4xx_HAL_Driver/Src/stm32l4xx_hal_rcc_ex.o
 .ARM.attributes
                0x00000000000001ac       0x39 Drivers/STM32L4xx_HAL_Driver/Src/stm32l4xx_hal_tim.o
 .ARM.attributes
                0x00000000000001e5       0x39 Drivers/STM32L4xx_HAL_Driver/Src/stm32l4xx_hal_tim_ex.o
 .ARM.attributes
                0x000000000000021e       0x39 Drivers/STM32L4xx_HAL_Driver/Src/stm32l4xx_hal_uart.o
 .ARM.attributes
                0x0000000000000257       0x39 Src/gpio.o
 .ARM.attributes
                0x0000000000000290       0x39 Src/main.o
 .ARM.attributes
                0x00000000000002c9       0x39 Src/stm32l4xx_hal_msp.o
 .ARM.attributes
                0x0000000000000302       0x39 Src/stm32l4xx_it.o
 .ARM.attributes
                0x000000000000033b       0x39 Src/system_stm32l4xx.o
 .ARM.attributes
                0x0000000000000374       0x39 Src/tim.o
 .ARM.attributes
                0x00000000000003ad       0x39 Src/usart.o
 .ARM.attributes
                0x00000000000003e6       0x21 Startup/startup_stm32l476rgtx.o
 .ARM.attributes
                0x0000000000000407       0x34 c:/st/stm32cubeide_1.0.2/stm32cubeide/plugins/com.st.stm32cube.ide.mcu.externaltools.gnu-tools-for-stm32.7-2018-q2-update.win32_1.0.0.201904181610/tools/bin/../lib/gcc/arm-none-eabi/7.3.1/../../../../arm-none-eabi/lib/thumb/v7e-m/fpv4-sp/hard\libc_nano.a(lib_a-init.o)
 .ARM.attributes
                0x000000000000043b       0x34 c:/st/stm32cubeide_1.0.2/stm32cubeide/plugins/com.st.stm32cube.ide.mcu.externaltools.gnu-tools-for-stm32.7-2018-q2-update.win32_1.0.0.201904181610/tools/bin/../lib/gcc/arm-none-eabi/7.3.1/../../../../arm-none-eabi/lib/thumb/v7e-m/fpv4-sp/hard\libc_nano.a(lib_a-memset.o)
 .ARM.attributes
                0x000000000000046f       0x22 c:/st/stm32cubeide_1.0.2/stm32cubeide/plugins/com.st.stm32cube.ide.mcu.externaltools.gnu-tools-for-stm32.7-2018-q2-update.win32_1.0.0.201904181610/tools/bin/../lib/gcc/arm-none-eabi/7.3.1/thumb/v7e-m/fpv4-sp/hard\libgcc.a(_aeabi_uldivmod.o)
 .ARM.attributes
                0x0000000000000491       0x34 c:/st/stm32cubeide_1.0.2/stm32cubeide/plugins/com.st.stm32cube.ide.mcu.externaltools.gnu-tools-for-stm32.7-2018-q2-update.win32_1.0.0.201904181610/tools/bin/../lib/gcc/arm-none-eabi/7.3.1/thumb/v7e-m/fpv4-sp/hard\libgcc.a(_udivmoddi4.o)
 .ARM.attributes
                0x00000000000004c5       0x22 c:/st/stm32cubeide_1.0.2/stm32cubeide/plugins/com.st.stm32cube.ide.mcu.externaltools.gnu-tools-for-stm32.7-2018-q2-update.win32_1.0.0.201904181610/tools/bin/../lib/gcc/arm-none-eabi/7.3.1/thumb/v7e-m/fpv4-sp/hard\libgcc.a(_dvmd_tls.o)
 .ARM.attributes
                0x00000000000004e7       0x22 c:/st/stm32cubeide_1.0.2/stm32cubeide/plugins/com.st.stm32cube.ide.mcu.externaltools.gnu-tools-for-stm32.7-2018-q2-update.win32_1.0.0.201904181610/tools/bin/../lib/gcc/arm-none-eabi/7.3.1/thumb/v7e-m/fpv4-sp/hard/crtn.o
OUTPUT(TinyFSMTest.elf elf32-littlearm)

.debug_info     0x0000000000000000    0x11d4b
 .debug_info    0x0000000000000000      0xcee Drivers/STM32L4xx_HAL_Driver/Src/stm32l4xx_hal.o
 .debug_info    0x0000000000000cee      0xf3c Drivers/STM32L4xx_HAL_Driver/Src/stm32l4xx_hal_cortex.o
 .debug_info    0x0000000000001c2a      0x982 Drivers/STM32L4xx_HAL_Driver/Src/stm32l4xx_hal_gpio.o
 .debug_info    0x00000000000025ac      0xada Drivers/STM32L4xx_HAL_Driver/Src/stm32l4xx_hal_pwr_ex.o
 .debug_info    0x0000000000003086      0xcfe Drivers/STM32L4xx_HAL_Driver/Src/stm32l4xx_hal_rcc.o
 .debug_info    0x0000000000003d84      0xf10 Drivers/STM32L4xx_HAL_Driver/Src/stm32l4xx_hal_rcc_ex.o
 .debug_info    0x0000000000004c94     0x266d Drivers/STM32L4xx_HAL_Driver/Src/stm32l4xx_hal_tim.o
 .debug_info    0x0000000000007301     0x13d8 Drivers/STM32L4xx_HAL_Driver/Src/stm32l4xx_hal_tim_ex.o
 .debug_info    0x00000000000086d9     0x1776 Drivers/STM32L4xx_HAL_Driver/Src/stm32l4xx_hal_uart.o
 .debug_info    0x0000000000009e4f     0x1084 Src/gpio.o
 .debug_info    0x000000000000aed3     0x2219 Src/main.o
 .debug_info    0x000000000000d0ec      0xcda Src/stm32l4xx_hal_msp.o
 .debug_info    0x000000000000ddc6     0x1022 Src/stm32l4xx_it.o
 .debug_info    0x000000000000ede8      0x6f6 Src/system_stm32l4xx.o
 .debug_info    0x000000000000f4de     0x14c1 Src/tim.o
 .debug_info    0x000000000001099f     0x138a Src/usart.o
 .debug_info    0x0000000000011d29       0x22 Startup/startup_stm32l476rgtx.o

.debug_abbrev   0x0000000000000000     0x230a
 .debug_abbrev  0x0000000000000000      0x1fb Drivers/STM32L4xx_HAL_Driver/Src/stm32l4xx_hal.o
 .debug_abbrev  0x00000000000001fb      0x2fa Drivers/STM32L4xx_HAL_Driver/Src/stm32l4xx_hal_cortex.o
 .debug_abbrev  0x00000000000004f5      0x1c0 Drivers/STM32L4xx_HAL_Driver/Src/stm32l4xx_hal_gpio.o
 .debug_abbrev  0x00000000000006b5      0x1cb Drivers/STM32L4xx_HAL_Driver/Src/stm32l4xx_hal_pwr_ex.o
 .debug_abbrev  0x0000000000000880      0x245 Drivers/STM32L4xx_HAL_Driver/Src/stm32l4xx_hal_rcc.o
 .debug_abbrev  0x0000000000000ac5      0x238 Drivers/STM32L4xx_HAL_Driver/Src/stm32l4xx_hal_rcc_ex.o
 .debug_abbrev  0x0000000000000cfd      0x230 Drivers/STM32L4xx_HAL_Driver/Src/stm32l4xx_hal_tim.o
 .debug_abbrev  0x0000000000000f2d      0x21e Drivers/STM32L4xx_HAL_Driver/Src/stm32l4xx_hal_tim_ex.o
 .debug_abbrev  0x000000000000114b      0x205 Drivers/STM32L4xx_HAL_Driver/Src/stm32l4xx_hal_uart.o
 .debug_abbrev  0x0000000000001350      0x1ce Src/gpio.o
 .debug_abbrev  0x000000000000151e      0x4f5 Src/main.o
 .debug_abbrev  0x0000000000001a13      0x1c5 Src/stm32l4xx_hal_msp.o
 .debug_abbrev  0x0000000000001bd8      0x1cb Src/stm32l4xx_it.o
 .debug_abbrev  0x0000000000001da3      0x150 Src/system_stm32l4xx.o
 .debug_abbrev  0x0000000000001ef3      0x20a Src/tim.o
 .debug_abbrev  0x00000000000020fd      0x1fb Src/usart.o
 .debug_abbrev  0x00000000000022f8       0x12 Startup/startup_stm32l476rgtx.o

.debug_aranges  0x0000000000000000      0xe78
 .debug_aranges
                0x0000000000000000      0x130 Drivers/STM32L4xx_HAL_Driver/Src/stm32l4xx_hal.o
 .debug_aranges
                0x0000000000000130      0x118 Drivers/STM32L4xx_HAL_Driver/Src/stm32l4xx_hal_cortex.o
 .debug_aranges
                0x0000000000000248       0x58 Drivers/STM32L4xx_HAL_Driver/Src/stm32l4xx_hal_gpio.o
 .debug_aranges
                0x00000000000002a0      0x148 Drivers/STM32L4xx_HAL_Driver/Src/stm32l4xx_hal_pwr_ex.o
 .debug_aranges
                0x00000000000003e8       0x88 Drivers/STM32L4xx_HAL_Driver/Src/stm32l4xx_hal_rcc.o
 .debug_aranges
                0x0000000000000470       0xc0 Drivers/STM32L4xx_HAL_Driver/Src/stm32l4xx_hal_rcc_ex.o
 .debug_aranges
                0x0000000000000530      0x3b8 Drivers/STM32L4xx_HAL_Driver/Src/stm32l4xx_hal_tim.o
 .debug_aranges
                0x00000000000008e8      0x168 Drivers/STM32L4xx_HAL_Driver/Src/stm32l4xx_hal_tim_ex.o
 .debug_aranges
                0x0000000000000a50      0x1f8 Drivers/STM32L4xx_HAL_Driver/Src/stm32l4xx_hal_uart.o
 .debug_aranges
                0x0000000000000c48       0x20 Src/gpio.o
 .debug_aranges
                0x0000000000000c68       0xd0 Src/main.o
 .debug_aranges
                0x0000000000000d38       0x20 Src/stm32l4xx_hal_msp.o
 .debug_aranges
                0x0000000000000d58       0x70 Src/stm32l4xx_it.o
 .debug_aranges
                0x0000000000000dc8       0x28 Src/system_stm32l4xx.o
 .debug_aranges
                0x0000000000000df0       0x30 Src/tim.o
 .debug_aranges
                0x0000000000000e20       0x30 Src/usart.o
 .debug_aranges
                0x0000000000000e50       0x28 Startup/startup_stm32l476rgtx.o

.debug_ranges   0x0000000000000000      0xd70
 .debug_ranges  0x0000000000000000      0x120 Drivers/STM32L4xx_HAL_Driver/Src/stm32l4xx_hal.o
 .debug_ranges  0x0000000000000120      0x108 Drivers/STM32L4xx_HAL_Driver/Src/stm32l4xx_hal_cortex.o
 .debug_ranges  0x0000000000000228       0x48 Drivers/STM32L4xx_HAL_Driver/Src/stm32l4xx_hal_gpio.o
 .debug_ranges  0x0000000000000270      0x138 Drivers/STM32L4xx_HAL_Driver/Src/stm32l4xx_hal_pwr_ex.o
 .debug_ranges  0x00000000000003a8       0x78 Drivers/STM32L4xx_HAL_Driver/Src/stm32l4xx_hal_rcc.o
 .debug_ranges  0x0000000000000420       0xb0 Drivers/STM32L4xx_HAL_Driver/Src/stm32l4xx_hal_rcc_ex.o
 .debug_ranges  0x00000000000004d0      0x3a8 Drivers/STM32L4xx_HAL_Driver/Src/stm32l4xx_hal_tim.o
 .debug_ranges  0x0000000000000878      0x158 Drivers/STM32L4xx_HAL_Driver/Src/stm32l4xx_hal_tim_ex.o
 .debug_ranges  0x00000000000009d0      0x1e8 Drivers/STM32L4xx_HAL_Driver/Src/stm32l4xx_hal_uart.o
 .debug_ranges  0x0000000000000bb8       0x10 Src/gpio.o
 .debug_ranges  0x0000000000000bc8       0xc0 Src/main.o
 .debug_ranges  0x0000000000000c88       0x10 Src/stm32l4xx_hal_msp.o
 .debug_ranges  0x0000000000000c98       0x60 Src/stm32l4xx_it.o
 .debug_ranges  0x0000000000000cf8       0x18 Src/system_stm32l4xx.o
 .debug_ranges  0x0000000000000d10       0x20 Src/tim.o
 .debug_ranges  0x0000000000000d30       0x20 Src/usart.o
 .debug_ranges  0x0000000000000d50       0x20 Startup/startup_stm32l476rgtx.o

.debug_macro    0x0000000000000000    0x29ec9
 .debug_macro   0x0000000000000000      0x237 Drivers/STM32L4xx_HAL_Driver/Src/stm32l4xx_hal.o
 .debug_macro   0x0000000000000237      0xa5a Drivers/STM32L4xx_HAL_Driver/Src/stm32l4xx_hal.o
 .debug_macro   0x0000000000000c91       0xc0 Drivers/STM32L4xx_HAL_Driver/Src/stm32l4xx_hal.o
 .debug_macro   0x0000000000000d51       0x2e Drivers/STM32L4xx_HAL_Driver/Src/stm32l4xx_hal.o
 .debug_macro   0x0000000000000d7f       0x28 Drivers/STM32L4xx_HAL_Driver/Src/stm32l4xx_hal.o
 .debug_macro   0x0000000000000da7       0x22 Drivers/STM32L4xx_HAL_Driver/Src/stm32l4xx_hal.o
 .debug_macro   0x0000000000000dc9       0x8e Drivers/STM32L4xx_HAL_Driver/Src/stm32l4xx_hal.o
 .debug_macro   0x0000000000000e57       0x51 Drivers/STM32L4xx_HAL_Driver/Src/stm32l4xx_hal.o
 .debug_macro   0x0000000000000ea8       0xef Drivers/STM32L4xx_HAL_Driver/Src/stm32l4xx_hal.o
 .debug_macro   0x0000000000000f97       0x6a Drivers/STM32L4xx_HAL_Driver/Src/stm32l4xx_hal.o
 .debug_macro   0x0000000000001001      0x1df Drivers/STM32L4xx_HAL_Driver/Src/stm32l4xx_hal.o
 .debug_macro   0x00000000000011e0       0x1c Drivers/STM32L4xx_HAL_Driver/Src/stm32l4xx_hal.o
 .debug_macro   0x00000000000011fc       0x22 Drivers/STM32L4xx_HAL_Driver/Src/stm32l4xx_hal.o
 .debug_macro   0x000000000000121e       0xdf Drivers/STM32L4xx_HAL_Driver/Src/stm32l4xx_hal.o
 .debug_macro   0x00000000000012fd     0x102d Drivers/STM32L4xx_HAL_Driver/Src/stm32l4xx_hal.o
 .debug_macro   0x000000000000232a      0x11f Drivers/STM32L4xx_HAL_Driver/Src/stm32l4xx_hal.o
 .debug_macro   0x0000000000002449    0x1a11f Drivers/STM32L4xx_HAL_Driver/Src/stm32l4xx_hal.o
 .debug_macro   0x000000000001c568       0x43 Drivers/STM32L4xx_HAL_Driver/Src/stm32l4xx_hal.o
 .debug_macro   0x000000000001c5ab     0x3820 Drivers/STM32L4xx_HAL_Driver/Src/stm32l4xx_hal.o
 .debug_macro   0x000000000001fdcb      0x174 Drivers/STM32L4xx_HAL_Driver/Src/stm32l4xx_hal.o
 .debug_macro   0x000000000001ff3f       0x5a Drivers/STM32L4xx_HAL_Driver/Src/stm32l4xx_hal.o
 .debug_macro   0x000000000001ff99     0x155f Drivers/STM32L4xx_HAL_Driver/Src/stm32l4xx_hal.o
 .debug_macro   0x00000000000214f8      0x59e Drivers/STM32L4xx_HAL_Driver/Src/stm32l4xx_hal.o
 .debug_macro   0x0000000000021a96      0x241 Drivers/STM32L4xx_HAL_Driver/Src/stm32l4xx_hal.o
 .debug_macro   0x0000000000021cd7      0x13d Drivers/STM32L4xx_HAL_Driver/Src/stm32l4xx_hal.o
 .debug_macro   0x0000000000021e14      0x18b Drivers/STM32L4xx_HAL_Driver/Src/stm32l4xx_hal.o
 .debug_macro   0x0000000000021f9f      0x26b Drivers/STM32L4xx_HAL_Driver/Src/stm32l4xx_hal.o
 .debug_macro   0x000000000002220a      0x236 Drivers/STM32L4xx_HAL_Driver/Src/stm32l4xx_hal.o
 .debug_macro   0x0000000000022440      0x36e Drivers/STM32L4xx_HAL_Driver/Src/stm32l4xx_hal.o
 .debug_macro   0x00000000000227ae       0xe4 Drivers/STM32L4xx_HAL_Driver/Src/stm32l4xx_hal.o
 .debug_macro   0x0000000000022892      0x22c Drivers/STM32L4xx_HAL_Driver/Src/stm32l4xx_hal.o
 .debug_macro   0x0000000000022abe       0x5e Drivers/STM32L4xx_HAL_Driver/Src/stm32l4xx_hal.o
 .debug_macro   0x0000000000022b1c       0xa5 Drivers/STM32L4xx_HAL_Driver/Src/stm32l4xx_hal.o
 .debug_macro   0x0000000000022bc1      0x122 Drivers/STM32L4xx_HAL_Driver/Src/stm32l4xx_hal.o
 .debug_macro   0x0000000000022ce3      0x3d4 Drivers/STM32L4xx_HAL_Driver/Src/stm32l4xx_hal.o
 .debug_macro   0x00000000000230b7      0x9f7 Drivers/STM32L4xx_HAL_Driver/Src/stm32l4xx_hal.o
 .debug_macro   0x0000000000023aae      0x1e7 Drivers/STM32L4xx_HAL_Driver/Src/stm32l4xx_hal.o
 .debug_macro   0x0000000000023c95      0x57b Drivers/STM32L4xx_HAL_Driver/Src/stm32l4xx_hal.o
 .debug_macro   0x0000000000024210       0x44 Drivers/STM32L4xx_HAL_Driver/Src/stm32l4xx_hal.o
 .debug_macro   0x0000000000024254      0x349 Drivers/STM32L4xx_HAL_Driver/Src/stm32l4xx_hal.o
 .debug_macro   0x000000000002459d      0x1e9 Drivers/STM32L4xx_HAL_Driver/Src/stm32l4xx_hal_cortex.o
 .debug_macro   0x0000000000024786      0x228 Drivers/STM32L4xx_HAL_Driver/Src/stm32l4xx_hal_gpio.o
 .debug_macro   0x00000000000249ae      0x20d Drivers/STM32L4xx_HAL_Driver/Src/stm32l4xx_hal_pwr_ex.o
 .debug_macro   0x0000000000024bbb      0x22b Drivers/STM32L4xx_HAL_Driver/Src/stm32l4xx_hal_rcc.o
 .debug_macro   0x0000000000024de6      0x21f Drivers/STM32L4xx_HAL_Driver/Src/stm32l4xx_hal_rcc_ex.o
 .debug_macro   0x0000000000025005      0x1ea Drivers/STM32L4xx_HAL_Driver/Src/stm32l4xx_hal_tim.o
 .debug_macro   0x00000000000251ef      0x1e9 Drivers/STM32L4xx_HAL_Driver/Src/stm32l4xx_hal_tim_ex.o
 .debug_macro   0x00000000000253d8      0x214 Drivers/STM32L4xx_HAL_Driver/Src/stm32l4xx_hal_uart.o
 .debug_macro   0x00000000000255ec      0x358 Src/gpio.o
 .debug_macro   0x0000000000025944       0x46 Src/gpio.o
 .debug_macro   0x000000000002598a       0x18 Src/gpio.o
 .debug_macro   0x00000000000259a2       0x3c Src/gpio.o
 .debug_macro   0x00000000000259de       0x34 Src/gpio.o
 .debug_macro   0x0000000000025a12       0x16 Src/gpio.o
 .debug_macro   0x0000000000025a28       0x35 Src/gpio.o
 .debug_macro   0x0000000000025a5d      0x32a Src/gpio.o
 .debug_macro   0x0000000000025d87       0x10 Src/gpio.o
 .debug_macro   0x0000000000025d97       0x52 Src/gpio.o
 .debug_macro   0x0000000000025de9       0x1f Src/gpio.o
 .debug_macro   0x0000000000025e08       0x43 Src/gpio.o
 .debug_macro   0x0000000000025e4b       0x20 Src/gpio.o
 .debug_macro   0x0000000000025e6b      0x1a3 Src/gpio.o
 .debug_macro   0x000000000002600e       0x10 Src/gpio.o
 .debug_macro   0x000000000002601e       0x1c Src/gpio.o
 .debug_macro   0x000000000002603a       0x52 Src/gpio.o
 .debug_macro   0x000000000002608c       0x40 Src/gpio.o
 .debug_macro   0x00000000000260cc       0x10 Src/gpio.o
 .debug_macro   0x00000000000260dc       0x40 Src/gpio.o
 .debug_macro   0x000000000002611c       0xd7 Src/gpio.o
 .debug_macro   0x00000000000261f3       0x1c Src/gpio.o
 .debug_macro   0x000000000002620f       0x3d Src/gpio.o
 .debug_macro   0x000000000002624c       0x16 Src/gpio.o
 .debug_macro   0x0000000000026262      0x145 Src/gpio.o
 .debug_macro   0x00000000000263a7       0x5e Src/gpio.o
 .debug_macro   0x0000000000026405      0x3b8 Src/main.o
 .debug_macro   0x00000000000267bd      0xb2c Src/main.o
 .debug_macro   0x00000000000272e9       0x1c Src/main.o
 .debug_macro   0x0000000000027305     0x102d Src/main.o
 .debug_macro   0x0000000000028332      0x17b Src/main.o
 .debug_macro   0x00000000000284ad       0x34 Src/main.o
 .debug_macro   0x00000000000284e1       0x35 Src/main.o
 .debug_macro   0x0000000000028516      0x34d Src/main.o
 .debug_macro   0x0000000000028863       0x43 Src/main.o
 .debug_macro   0x00000000000288a6      0x137 Src/main.o
 .debug_macro   0x00000000000289dd      0x168 Src/main.o
 .debug_macro   0x0000000000028b45       0x10 Src/main.o
 .debug_macro   0x0000000000028b55      0x3f4 Src/main.o
 .debug_macro   0x0000000000028f49       0x3b Src/main.o
 .debug_macro   0x0000000000028f84      0x34e Src/stm32l4xx_hal_msp.o
 .debug_macro   0x00000000000292d2      0x358 Src/stm32l4xx_it.o
 .debug_macro   0x000000000002962a      0x1ef Src/system_stm32l4xx.o
 .debug_macro   0x0000000000029819      0x358 Src/tim.o
 .debug_macro   0x0000000000029b71      0x358 Src/usart.o

.debug_line     0x0000000000000000     0xbb87
 .debug_line    0x0000000000000000      0x9a7 Drivers/STM32L4xx_HAL_Driver/Src/stm32l4xx_hal.o
 .debug_line    0x00000000000009a7      0xa31 Drivers/STM32L4xx_HAL_Driver/Src/stm32l4xx_hal_cortex.o
 .debug_line    0x00000000000013d8      0x8c6 Drivers/STM32L4xx_HAL_Driver/Src/stm32l4xx_hal_gpio.o
 .debug_line    0x0000000000001c9e      0xaa4 Drivers/STM32L4xx_HAL_Driver/Src/stm32l4xx_hal_pwr_ex.o
 .debug_line    0x0000000000002742      0xa0d Drivers/STM32L4xx_HAL_Driver/Src/stm32l4xx_hal_rcc.o
 .debug_line    0x000000000000314f      0xc8e Drivers/STM32L4xx_HAL_Driver/Src/stm32l4xx_hal_rcc_ex.o
 .debug_line    0x0000000000003ddd     0x1ba3 Drivers/STM32L4xx_HAL_Driver/Src/stm32l4xx_hal_tim.o
 .debug_line    0x0000000000005980      0xdf4 Drivers/STM32L4xx_HAL_Driver/Src/stm32l4xx_hal_tim_ex.o
 .debug_line    0x0000000000006774     0x1221 Drivers/STM32L4xx_HAL_Driver/Src/stm32l4xx_hal_uart.o
 .debug_line    0x0000000000007995      0x8e3 Src/gpio.o
 .debug_line    0x0000000000008278      0xcd2 Src/main.o
 .debug_line    0x0000000000008f4a      0x8d8 Src/stm32l4xx_hal_msp.o
 .debug_line    0x0000000000009822      0x9a0 Src/stm32l4xx_it.o
 .debug_line    0x000000000000a1c2      0x72e Src/system_stm32l4xx.o
 .debug_line    0x000000000000a8f0      0x909 Src/tim.o
 .debug_line    0x000000000000b1f9      0x90e Src/usart.o
 .debug_line    0x000000000000bb07       0x80 Startup/startup_stm32l476rgtx.o

.debug_str      0x0000000000000000    0xf4148
 .debug_str     0x0000000000000000    0xe9ed2 Drivers/STM32L4xx_HAL_Driver/Src/stm32l4xx_hal.o
                                      0xea38f (size before relaxing)
 .debug_str     0x00000000000e9ed2      0x3e6 Drivers/STM32L4xx_HAL_Driver/Src/stm32l4xx_hal_cortex.o
                                      0xea09f (size before relaxing)
 .debug_str     0x00000000000ea2b8      0x2a6 Drivers/STM32L4xx_HAL_Driver/Src/stm32l4xx_hal_gpio.o
                                      0xe9acb (size before relaxing)
 .debug_str     0x00000000000ea55e      0x487 Drivers/STM32L4xx_HAL_Driver/Src/stm32l4xx_hal_pwr_ex.o
                                      0xe9d3a (size before relaxing)
 .debug_str     0x00000000000ea9e5      0x48d Drivers/STM32L4xx_HAL_Driver/Src/stm32l4xx_hal_rcc.o
                                      0xe9e0e (size before relaxing)
 .debug_str     0x00000000000eae72      0x5b9 Drivers/STM32L4xx_HAL_Driver/Src/stm32l4xx_hal_rcc_ex.o
                                      0xe9f9f (size before relaxing)
 .debug_str     0x00000000000eb42b     0x104c Drivers/STM32L4xx_HAL_Driver/Src/stm32l4xx_hal_tim.o
                                      0xea8c6 (size before relaxing)
 .debug_str     0x00000000000ec477      0x60f Drivers/STM32L4xx_HAL_Driver/Src/stm32l4xx_hal_tim_ex.o
                                      0xea1e7 (size before relaxing)
 .debug_str     0x00000000000eca86      0x996 Drivers/STM32L4xx_HAL_Driver/Src/stm32l4xx_hal_uart.o
                                      0xea3a5 (size before relaxing)
 .debug_str     0x00000000000ed41c     0x41b9 Src/gpio.o
                                      0xedf3e (size before relaxing)
 .debug_str     0x00000000000f15d5     0x29a3 Src/main.o
                                      0xf09fd (size before relaxing)
 .debug_str     0x00000000000f3f78       0x1b Src/stm32l4xx_hal_msp.o
                                      0xed9bd (size before relaxing)
 .debug_str     0x00000000000f3f93       0xdd Src/stm32l4xx_it.o
                                      0xedd02 (size before relaxing)
 .debug_str     0x00000000000f4070       0x50 Src/system_stm32l4xx.o
                                      0xe9847 (size before relaxing)
 .debug_str     0x00000000000f40c0       0x29 Src/tim.o
                                      0xee384 (size before relaxing)
 .debug_str     0x00000000000f40e9       0x2e Src/usart.o
                                      0xede25 (size before relaxing)
 .debug_str     0x00000000000f4117       0x31 Startup/startup_stm32l476rgtx.o
                                         0x6f (size before relaxing)

.comment        0x0000000000000000       0x7b
 .comment       0x0000000000000000       0x7b Drivers/STM32L4xx_HAL_Driver/Src/stm32l4xx_hal.o
                                         0x7c (size before relaxing)
 .comment       0x000000000000007b       0x7c Drivers/STM32L4xx_HAL_Driver/Src/stm32l4xx_hal_cortex.o
 .comment       0x000000000000007b       0x7c Drivers/STM32L4xx_HAL_Driver/Src/stm32l4xx_hal_gpio.o
 .comment       0x000000000000007b       0x7c Drivers/STM32L4xx_HAL_Driver/Src/stm32l4xx_hal_pwr_ex.o
 .comment       0x000000000000007b       0x7c Drivers/STM32L4xx_HAL_Driver/Src/stm32l4xx_hal_rcc.o
 .comment       0x000000000000007b       0x7c Drivers/STM32L4xx_HAL_Driver/Src/stm32l4xx_hal_rcc_ex.o
 .comment       0x000000000000007b       0x7c Drivers/STM32L4xx_HAL_Driver/Src/stm32l4xx_hal_tim.o
 .comment       0x000000000000007b       0x7c Drivers/STM32L4xx_HAL_Driver/Src/stm32l4xx_hal_tim_ex.o
 .comment       0x000000000000007b       0x7c Drivers/STM32L4xx_HAL_Driver/Src/stm32l4xx_hal_uart.o
 .comment       0x000000000000007b       0x7c Src/gpio.o
 .comment       0x000000000000007b       0x7c Src/main.o
 .comment       0x000000000000007b       0x7c Src/stm32l4xx_hal_msp.o
 .comment       0x000000000000007b       0x7c Src/stm32l4xx_it.o
 .comment       0x000000000000007b       0x7c Src/system_stm32l4xx.o
 .comment       0x000000000000007b       0x7c Src/tim.o
 .comment       0x000000000000007b       0x7c Src/usart.o

.debug_frame    0x0000000000000000     0x3bec
 .debug_frame   0x0000000000000000      0x498 Drivers/STM32L4xx_HAL_Driver/Src/stm32l4xx_hal.o
 .debug_frame   0x0000000000000498      0x498 Drivers/STM32L4xx_HAL_Driver/Src/stm32l4xx_hal_cortex.o
 .debug_frame   0x0000000000000930      0x14c Drivers/STM32L4xx_HAL_Driver/Src/stm32l4xx_hal_gpio.o
 .debug_frame   0x0000000000000a7c      0x524 Drivers/STM32L4xx_HAL_Driver/Src/stm32l4xx_hal_pwr_ex.o
 .debug_frame   0x0000000000000fa0      0x1f4 Drivers/STM32L4xx_HAL_Driver/Src/stm32l4xx_hal_rcc.o
 .debug_frame   0x0000000000001194      0x2fc Drivers/STM32L4xx_HAL_Driver/Src/stm32l4xx_hal_rcc_ex.o
 .debug_frame   0x0000000000001490     0x1148 Drivers/STM32L4xx_HAL_Driver/Src/stm32l4xx_hal_tim.o
 .debug_frame   0x00000000000025d8      0x638 Drivers/STM32L4xx_HAL_Driver/Src/stm32l4xx_hal_tim_ex.o
 .debug_frame   0x0000000000002c10      0x8fc Drivers/STM32L4xx_HAL_Driver/Src/stm32l4xx_hal_uart.o
 .debug_frame   0x000000000000350c       0x34 Src/gpio.o
 .debug_frame   0x0000000000003540      0x33c Src/main.o
 .debug_frame   0x000000000000387c       0x38 Src/stm32l4xx_hal_msp.o
 .debug_frame   0x00000000000038b4      0x144 Src/stm32l4xx_it.o
 .debug_frame   0x00000000000039f8       0x58 Src/system_stm32l4xx.o
 .debug_frame   0x0000000000003a50       0x7c Src/tim.o
 .debug_frame   0x0000000000003acc       0x74 Src/usart.o
 .debug_frame   0x0000000000003b40       0x2c c:/st/stm32cubeide_1.0.2/stm32cubeide/plugins/com.st.stm32cube.ide.mcu.externaltools.gnu-tools-for-stm32.7-2018-q2-update.win32_1.0.0.201904181610/tools/bin/../lib/gcc/arm-none-eabi/7.3.1/../../../../arm-none-eabi/lib/thumb/v7e-m/fpv4-sp/hard\libc_nano.a(lib_a-init.o)
 .debug_frame   0x0000000000003b6c       0x20 c:/st/stm32cubeide_1.0.2/stm32cubeide/plugins/com.st.stm32cube.ide.mcu.externaltools.gnu-tools-for-stm32.7-2018-q2-update.win32_1.0.0.201904181610/tools/bin/../lib/gcc/arm-none-eabi/7.3.1/../../../../arm-none-eabi/lib/thumb/v7e-m/fpv4-sp/hard\libc_nano.a(lib_a-memset.o)
 .debug_frame   0x0000000000003b8c       0x2c c:/st/stm32cubeide_1.0.2/stm32cubeide/plugins/com.st.stm32cube.ide.mcu.externaltools.gnu-tools-for-stm32.7-2018-q2-update.win32_1.0.0.201904181610/tools/bin/../lib/gcc/arm-none-eabi/7.3.1/thumb/v7e-m/fpv4-sp/hard\libgcc.a(_aeabi_uldivmod.o)
 .debug_frame   0x0000000000003bb8       0x34 c:/st/stm32cubeide_1.0.2/stm32cubeide/plugins/com.st.stm32cube.ide.mcu.externaltools.gnu-tools-for-stm32.7-2018-q2-update.win32_1.0.0.201904181610/tools/bin/../lib/gcc/arm-none-eabi/7.3.1/thumb/v7e-m/fpv4-sp/hard\libgcc.a(_udivmoddi4.o)
