main.cpp:66:6:void HAL_GPIO_EXTI_Callback(uint16_t)	16	static
main.cpp:72:6:void HAL_TIM_PeriodElapsedCallback(TIM_HandleTypeDef*)	16	static
main.cpp:85:5:int main()	24	static
main.cpp:145:6:void SystemClock_Config()	232	static
main.cpp:202:6:void Error_Handler()	4	static
tinyfsm.hpp:119:17:static void tinyfsm::Fsm<F>::start() [with F = Precharge]	8	static
tinyfsm.hpp:125:17:static void tinyfsm::Fsm<F>::dispatch(const E&) [with E = Discharge; F = Precharge]	16	static
tinyfsm.hpp:125:17:static void tinyfsm::Fsm<F>::dispatch(const E&) [with E = StartPrecharge; F = Precharge]	16	static
tinyfsm.hpp:125:17:static void tinyfsm::Fsm<F>::dispatch(const E&) [with E = TimerPulse; F = Precharge]	16	static
tinyfsm.hpp:115:17:static void tinyfsm::Fsm<F>::enter() [with F = Precharge]	8	static
